
> nexus@0.0.1 build
> astro build

[2m09:20:54[22m [34m[types][39m Generated [2m39ms[22m
[2m09:20:54[22m [34m[build][39m output: [34m"static"[39m
[2m09:20:54[22m [34m[build][39m mode: [34m"static"[39m
[2m09:20:54[22m [34m[build][39m directory: [34mD:\proyecto de investigacion\nexus\dist\[39m
[2m09:20:54[22m [34m[build][39m Collecting build info...
[2m09:20:54[22m [34m[build][39m [32mÔ£ô Completed in 54ms.[39m
[2m09:20:54[22m [34m[build][39m Building static entrypoints...
node.exe : 
[31m[1m09:20:54[22m 
[ERROR] [vite][39m 
[31mÔ£ù[39m Build 
failed in 512ms
En C:\Program 
Files\nodejs\npm.ps1: 
29 Carácter: 3
+   & $NODE_EXE 
$NPM_CLI_JS $args
+   ~~~~~~~~~~~~~~~~~~~
~~~~~~~~~~
    + CategoryInfo     
         : NotSpecifi  
  ed: ([31m[1m09:2   
 0:...failed in 512    
ms:String) [], Rem    
oteException
    + FullyQualifiedEr 
   rorId : NativeComm  
  andError
 
[@tailwindcss/vite:gene
rate:build] Cannot 
apply unknown utility 
class `bg-brand-bg`. 
Are you using CSS 
modules or similar and 
missing `@reference`? h
ttps://tailwindcss.com/
docs/functions-and-dire
ctives#reference-direct
ive
file: D:/proyecto de in
vestigacion/nexus/src/s
tyles/global.css
  [1mStack trace:[22m
[2m    at 
onInvalidCandidate (fil
e:///D:/proyecto%20de%2
0investigacion/nexus/no
de_modules/tailwindcss/
dist/chunk-L5IEUH3R.mjs
:21:1314)
    at file:///D:/proye
cto%20de%20investigacio
n/nexus/node_modules/ta
ilwindcss/dist/chunk-L5
IEUH3R.mjs:21:355
    at I (file:///D:/pr
oyecto%20de%20investiga
cion/nexus/node_modules
/tailwindcss/dist/chunk
-L5IEUH3R.mjs:3:1377)
    at Gi (file:///D:/p
royecto%20de%20investig
acion/nexus/node_module
s/tailwindcss/dist/chun
k-L5IEUH3R.mjs:38:294)
    at async vf (file:/
//D:/proyecto%20de%20in
vestigacion/nexus/node_
modules/tailwindcss/dis
t/chunk-L5IEUH3R.mjs:38
:1406)[22m
